takut@TABLET-OUHBL7VH MINGW64 ~
$ cd c:

takut@TABLET-OUHBL7VH MINGW64 /c
$ mkdir git_challenge

takut@TABLET-OUHBL7VH MINGW64 /c
$ cd git_challenge

takut@TABLET-OUHBL7VH MINGW64 /c/git_challenge
$ git init
Initialized empty Git repository in C:/git_challenge/.git/

takut@TABLET-OUHBL7VH MINGW64 /c/git_challenge (main)
$ git add hello_world.txt

takut@TABLET-OUHBL7VH MINGW64 /c/git_challenge (main)
$ git commit -m"hello_world.txtを追加"
[main (root-commit) cd35ade] hello_world.txtを追加
 1 file changed, 1 insertion(+)
 create mode 100644 hello_world.txt

takut@TABLET-OUHBL7VH MINGW64 /c/git_challenge (main)
$ git add hello_world.txt

takut@TABLET-OUHBL7VH MINGW64 /c/git_challenge (main)
$ git commit -m"日本語訳を追加"
[main 09f1907] 日本語訳を追加
 1 file changed, 2 insertions(+), 1 deletion(-)

takut@TABLET-OUHBL7VH MINGW64 /c/git_challenge (main)
$ git log  --oneline
09f1907 (HEAD -> main) 日本語訳を追加
cd35ade hello_world.txtを追加
